[     207ms] [WARNING] A parser-blocking, cross site (i.e. different eTLD+1) script, https://code.jquery.com/jquery-1.12.4.min.js, is invoked via document.write. The network request for this script MAY be blocked by the browser in this or a future page load due to poor network connectivity. If blocked in this page load, it will be confirmed in a subsequent console message. See https://www.chromestatus.com/feature/5718547946799104 for more details. @ https://sm.hindseo.com/analytics/overview/:381
[     207ms] [WARNING] A parser-blocking, cross site (i.e. different eTLD+1) script, https://code.jquery.com/jquery-1.12.4.min.js, is invoked via document.write. The network request for this script MAY be blocked by the browser in this or a future page load due to poor network connectivity. If blocked in this page load, it will be confirmed in a subsequent console message. See https://www.chromestatus.com/feature/5718547946799104 for more details. @ https://sm.hindseo.com/analytics/overview/:381
[    1015ms] [ERROR] Failed to load resource: the server responded with a status of 403 () @ https://sm.hindseo.com/reference_static/ajst/example.js:0
[    1015ms] [ERROR] Refused to execute script from 'https://sm.hindseo.com/reference_static/ajst/example.js' because its MIME type ('application/xml') is not executable, and strict MIME type checking is enabled. @ https://sm.hindseo.com/analytics/overview/:0
[    1186ms] Error: Invalid delegateTo provided. It should be a Node instance
    at https://sm.hindseo.com/__static__/webpack/smb_footer.d802d586d8782605.js:2:1771
    at i (https://sm.hindseo.com/__static__/webpack/smb_footer.d802d586d8782605.js:2:2523)
    at HTMLDocument.<anonymous> (https://sm.hindseo.com/__static__/webpack/smb_footer.d802d586d8782605.js:2:3455)
    at HTMLDocument.n (https://sm.hindseo.com/__static__/webpack/sentry.703f3ffbf753febd.js:2:32823)
[    1206ms] [ERROR] Failed to load resource: net::ERR_NAME_NOT_RESOLVED @ https://widget.example.io/widget/cs07vi2k:0
[    1929ms] [LOG] isAllowedPage:  false @ https://sm.hindseo.com/__static__/webpack/sentry.703f3ffbf753febd.js:1
[    1929ms] [LOG] isPaid:         false @ https://sm.hindseo.com/__static__/webpack/sentry.703f3ffbf753febd.js:1
[    2786ms] [LOG] {texts: Array(4)} @ https://sm.hindseo.com/__static__/webpack/sentry.703f3ffbf753febd.js:1
[    2930ms] [LOG] {texts: Array(4)} @ https://sm.hindseo.com/__static__/webpack/sentry.703f3ffbf753febd.js:1
[    2984ms] [LOG] ✅ Export UI ready (English version) @ https://sm.hindseo.com/__static__/webpack/sentry.703f3ffbf753febd.js:1
[    3097ms] [WARNING] sm2.renderReactModuleFederationWidget("search-bar-V1/Component") is deprecated and will be removed. Migrate to sm2.getComponent(). See the "Dynamic-link frontend components" guide. @ https://sm.hindseo.com/__static__/webpack/sentry.703f3ffbf753febd.js:1
[    3103ms] [LOG] {texts: Array(4)} @ https://sm.hindseo.com/__static__/webpack/sentry.703f3ffbf753febd.js:1
[    3157ms] [LOG] {texts: Array(4)} @ https://sm.hindseo.com/__static__/webpack/sentry.703f3ffbf753febd.js:1
[    3286ms] [LOG] {texts: Array(4)} @ https://sm.hindseo.com/__static__/webpack/sentry.703f3ffbf753febd.js:1
[    3347ms] [LOG] {texts: Array(4)} @ https://sm.hindseo.com/__static__/webpack/sentry.703f3ffbf753febd.js:1
[    3529ms] [LOG] {texts: Array(4)} @ https://sm.hindseo.com/__static__/webpack/sentry.703f3ffbf753febd.js:1
[    3551ms] [LOG] {texts: Array(4)} @ https://sm.hindseo.com/__static__/webpack/sentry.703f3ffbf753febd.js:1
[    4120ms] [LOG] {texts: Array(4)} @ https://sm.hindseo.com/__static__/webpack/sentry.703f3ffbf753febd.js:1
[    7953ms] [WARNING] The resource https://sm.hindseo.com/reference_static/domain-overview/mini_ko_overview.02a6a3367e423a81288c.js was preloaded using link preload but not used within a few seconds from the window's load event. Please make sure it has an appropriate `as` value and it is preloaded intentionally. @ https://sm.hindseo.com/analytics/overview/?searchType=domain:0
[    7953ms] [WARNING] The resource https://sm.hindseo.com/reference_static/domain-overview/8075.6b4b8f96f50cd03b48f6.js was preloaded using link preload but not used within a few seconds from the window's load event. Please make sure it has an appropriate `as` value and it is preloaded intentionally. @ https://sm.hindseo.com/analytics/overview/?searchType=domain:0
[   21091ms] [WARNING] The resource https://sm.hindseo.com/reference_static/domain-overview/mini_ko_overview.02a6a3367e423a81288c.js was preloaded using link preload but not used within a few seconds from the window's load event. Please make sure it has an appropriate `as` value and it is preloaded intentionally. @ https://sm.hindseo.com/analytics/overview/?searchType=domain:0
[   21091ms] [WARNING] The resource https://sm.hindseo.com/reference_static/domain-overview/8075.6b4b8f96f50cd03b48f6.js was preloaded using link preload but not used within a few seconds from the window's load event. Please make sure it has an appropriate `as` value and it is preloaded intentionally. @ https://sm.hindseo.com/analytics/overview/?searchType=domain:0
